// Jest Snapshot v1, https://goo.gl/fbAQLP

exports[`Pruebas en <NothingSelectedView/> Debe ser igual al snapshot 1`] = `
<div>
  <div
    class="MuiGrid-root MuiGrid-container MuiGrid-direction-xs-column css-10l6qgu-MuiGrid-root"
  >
    <svg
      aria-hidden="true"
      class="MuiSvgIcon-root MuiSvgIcon-fontSizeMedium css-1kwafl0-MuiSvgIcon-root"
      data-testid="BorderColorOutlinedIcon"
      focusable="false"
      viewBox="0 0 24 24"
    >
      <path
        d="m16.81 8.94-3.75-3.75L4 14.25V18h3.75zM6 16v-.92l7.06-7.06.92.92L6.92 16zm13.71-9.96c.39-.39.39-1.02 0-1.41l-2.34-2.34c-.2-.2-.45-.29-.71-.29-.25 0-.51.1-.7.29l-1.83 1.83 3.75 3.75zM2 20h20v4H2z"
      />
    </svg>
    <h2
      class="text-white text-2xl mt-4"
    >
      Crear una nueva nota
    </h2>
  </div>
</div>
`;
